
> sim-maarif-cilacap@1.0.0 build
> vite build

[36mvite v6.0.5 [32mbuilding for production...[36m[39m
transforming...
[32mΓ£ô[39m 83 modules transformed.
npm : [31mx[39m Build faile
d in 2.06s
At line:1 char:1
+ npm run build > build_outpu
t.txt 2>&1
+ ~~~~~~~~~~~~~~~~~~~~~~~~~~~
~~~~~~~~~~
    + CategoryInfo           
   : NotSpecified: ([31mx  
  [39m Build failed in 2.0   
 6s:String) [], RemoteExc    
eption
    + FullyQualifiedErrorId  
   : NativeCommandError
 
[31merror during build:
[31m[vite:esbuild] Transform
 failed with 1 error:
D:/SIMMACI/src/features/maste
r-data/SchoolListPage.tsx:255
:7: ERROR: Unexpected "*"[31
m
file: [36mD:/SIMMACI/src/fea
tures/master-data/SchoolListP
age.tsx:255:7[31m
[33m
[33mUnexpected "*"[33m
253|    const bulkCreateAccou
nts = useMutation(convexApi.s
chools.bulkCreateSchoolAccoun
ts);
254|  
255|  import * as XLSX from "
xlsx"; // Ensure xlsx is inst
alled
   |         ^
256|  
257|  // ...
[31m
    at failureErrorWithLog (D
:\SIMMACI\node_modules\esbuil
d\lib\main.js:1476:15)
    at D:\SIMMACI\node_module
s\esbuild\lib\main.js:755:50
    at responseCallbacks.<com
puted> (D:\SIMMACI\node_modul
es\esbuild\lib\main.js:622:9)
    at handleIncomingPacket (
D:\SIMMACI\node_modules\esbui
ld\lib\main.js:677:12)
    at Socket.readFromStdout 
(D:\SIMMACI\node_modules\esbu
ild\lib\main.js:600:7)
    at Socket.emit (node:even
ts:524:28)
    at addChunk (node:interna
l/streams/readable:561:12)
    at readableAddChunkPushBy
teMode (node:internal/streams
/readable:512:3)
    at Readable.push (node:in
ternal/streams/readable:392:5
)
    at Pipe.onStreamRead (nod
e:internal/stream_base_common
s:191:23)[39m
