
> sim-maarif-cilacap@1.0.0 build
> vite build

[36mvite v6.0.5 [32mbuilding for production...[36m[39m
transforming...
[32mΓ£ô[39m 44 modules transformed.
npm : [31mx[39m Build failed 
in 1.59s
At line:1 char:1
+ npm run build > build_error.l
og 2>&1
+ ~~~~~~~~~~~~~~~~~~~~~~~~~~~~~
~~~~~~~
    + CategoryInfo             
 : NotSpecified: ([31mx    [3
9m Build failed in 1.5    9s:St
ring) [], RemoteExc    eption
    + FullyQualifiedErrorId    
 : NativeCommandError
 
[31merror during build:
[31m[vite:esbuild] Transform f
ailed with 1 error:
D:/SIMMACI/src/features/master-
data/SchoolListPage.tsx:255:7: 
ERROR: Unexpected "*"[31m
file: [36mD:/SIMMACI/src/featu
res/master-data/SchoolListPage.
tsx:255:7[31m
[33m
[33mUnexpected "*"[33m
253|    const bulkCreateAccount
s = useMutation(convexApi.schoo
ls.bulkCreateSchoolAccounts);
254|  
255|  import * as XLSX from "xl
sx"; // Ensure xlsx is installe
d
   |         ^
256|  
257|  // ...
[31m
    at failureErrorWithLog (D:\
SIMMACI\node_modules\esbuild\li
b\main.js:1476:15)
    at D:\SIMMACI\node_modules\
esbuild\lib\main.js:755:50
    at responseCallbacks.<compu
ted> (D:\SIMMACI\node_modules\e
sbuild\lib\main.js:622:9)
    at handleIncomingPacket (D:
\SIMMACI\node_modules\esbuild\l
ib\main.js:677:12)
    at Socket.readFromStdout (D
:\SIMMACI\node_modules\esbuild\
lib\main.js:600:7)
    at Socket.emit (node:events
:524:28)
    at addChunk (node:internal/
streams/readable:561:12)
    at readableAddChunkPushByte
Mode (node:internal/streams/rea
dable:512:3)
    at Readable.push (node:inte
rnal/streams/readable:392:5)
    at Pipe.onStreamRead (node:
internal/stream_base_commons:19
1:23)[39m
