﻿
> sim-maarif-cilacap@1.0.0 build
> vite build

[36mvite v6.4.1 [32mbuilding for production...[36m[39m
transforming...
[32mΓ£ô[39m 121 modules transformed.
npm : [31mΓ£ù[39m Bui
ld failed in 1.71s
At line:1 char:1
+ npm run build > build
_output.log 2>&1
+ ~~~~~~~~~~~~~~~~~~~~~
~~~~~~~~~~~~~~~~
    + CategoryInfo     
         : NotSpecifi  
  ed: ([31mΓ£ù[39m   
  Build failed in 1    
.71s:String) [], R    e
moteException
    + FullyQualifiedEr 
   rorId : NativeComm  
  andError
 
[31merror during build
:
[31m[vite-plugin-pwa:b
uild] [plugin vite-plug
in-pwa:build] src/featu
res/verification/Verify
TeacherPage.tsx: There 
was an error during the
 build:
  Could not resolve "..
/../../../convex/_gener
ated/api" from "src/fea
tures/verification/Veri
fyTeacherPage.tsx"
Additionally, handling 
the error in the 'build
End' hook caused the fo
llowing error:
  Could not resolve "..
/../../../convex/_gener
ated/api" from "src/fea
tures/verification/Veri
fyTeacherPage.tsx"[31m
file: [36mD:/SIMMACI/s
rc/features/verificatio
n/VerifyTeacherPage.tsx
[31m
    at getRollupError (
file:///D:/SIMMACI/node
_modules/rollup/dist/es
/shared/parseAst.js:402
:41)
    at file:///D:/SIMMA
CI/node_modules/rollup/
dist/es/shared/node-ent
ry.js:23444:39
    at async catchUnfin
ishedHookActions (file:
///D:/SIMMACI/node_modu
les/rollup/dist/es/shar
ed/node-entry.js:22902:
16)
    at async rollupInte
rnal (file:///D:/SIMMAC
I/node_modules/rollup/d
ist/es/shared/node-entr
y.js:23427:5)
    at async buildEnvir
onment (file:///D:/SIMM
ACI/node_modules/vite/d
ist/node/chunks/dep-D4N
MHUTW.js:46235:14)
    at async Object.def
aultBuildApp [as buildA
pp] (file:///D:/SIMMACI
/node_modules/vite/dist
/node/chunks/dep-D4NMHU
TW.js:46713:5)
    at async CAC.<anony
mous> (file:///D:/SIMMA
CI/node_modules/vite/di
st/node/cli.js:863:7)[
39m
