
   FAIL  Tests\Feature\SkDocumentApiTest
  Γ¿» unauthenticated user cannot access sk documents
  Γ¿» super admin can list all sk documents
  Γ¿» operator can only see own school sk documents
  Γ¿» sk documents can be filtered by status
  Γ¿» sk document can be created
  Γ¿» sk document upserts on duplicate nomor sk
  Γ¿» sk document creation requires mandatory fields
  Γ¿» sk document can be updated
  Γ¿» sk document can be archived
  Γ¿» creating sk document writes activity log
  ΓöÇΓöÇΓöÇΓöÇΓöÇΓöÇΓöÇΓöÇΓöÇΓöÇΓöÇΓöÇΓöÇΓöÇΓöÇΓöÇΓöÇΓöÇΓöÇΓöÇΓöÇΓöÇΓöÇ  
   FAΓÇª  RuntimeException   
  This database driver does not support fulltext index creation.

  at vendor\laravel\framework\src\Illuminate\Database\Schema\Grammars\Grammar.php:224
    220Γûò      * @throws \RuntimeException
    221Γûò      */
    222Γûò     public function compileFulltext(Blueprint $blueprint, Fluent $command)
    223Γûò     {
  Γ₧£ 224Γûò         throw new RuntimeException('This database driver does not support fulltext index creation.');
    225Γûò     }
    226Γûò 
    227Γûò     /**
    228Γûò      * Compile a drop fulltext index command.

  1   vendor\laravel\framework\src\Illuminate\Database\Schema\Grammars\Grammar.php:224
  2   vendor\laravel\framework\src\Illuminate\Database\Schema\Blueprint.php:153

  ΓöÇΓöÇΓöÇΓöÇΓöÇΓöÇΓöÇΓöÇΓöÇΓöÇΓöÇΓöÇΓöÇΓöÇΓöÇΓöÇΓöÇΓöÇΓöÇΓöÇΓöÇΓöÇΓöÇ  
   FAΓÇª  RuntimeException   
  This database driver does not support fulltext index creation.

  at vendor\laravel\framework\src\Illuminate\Database\Schema\Grammars\Grammar.php:224
    220Γûò      * @throws \RuntimeException
    221Γûò      */
    222Γûò     public function compileFulltext(Blueprint $blueprint, Fluent $command)
    223Γûò     {
  Γ₧£ 224Γûò         throw new RuntimeException('This database driver does not support fulltext index creation.');
    225Γûò     }
    226Γûò 
    227Γûò     /**
    228Γûò      * Compile a drop fulltext index command.

  1   vendor\laravel\framework\src\Illuminate\Database\Schema\Grammars\Grammar.php:224
  2   vendor\laravel\framework\src\Illuminate\Database\Schema\Blueprint.php:153

  ΓöÇΓöÇΓöÇΓöÇΓöÇΓöÇΓöÇΓöÇΓöÇΓöÇΓöÇΓöÇΓöÇΓöÇΓöÇΓöÇΓöÇΓöÇΓöÇΓöÇΓöÇΓöÇΓöÇ  
   FAΓÇª  RuntimeException   
  This database driver does not support fulltext index creation.

  at vendor\laravel\framework\src\Illuminate\Database\Schema\Grammars\Grammar.php:224
    220Γûò      * @throws \RuntimeException
    221Γûò      */
    222Γûò     public function compileFulltext(Blueprint $blueprint, Fluent $command)
    223Γûò     {
  Γ₧£ 224Γûò         throw new RuntimeException('This database driver does not support fulltext index creation.');
    225Γûò     }
    226Γûò 
    227Γûò     /**
    228Γûò      * Compile a drop fulltext index command.

  1   vendor\laravel\framework\src\Illuminate\Database\Schema\Grammars\Grammar.php:224
  2   vendor\laravel\framework\src\Illuminate\Database\Schema\Blueprint.php:153

  ΓöÇΓöÇΓöÇΓöÇΓöÇΓöÇΓöÇΓöÇΓöÇΓöÇΓöÇΓöÇΓöÇΓöÇΓöÇΓöÇΓöÇΓöÇΓöÇΓöÇΓöÇΓöÇΓöÇ  
   FAΓÇª  RuntimeException   
  This database driver does not support fulltext index creation.

  at vendor\laravel\framework\src\Illuminate\Database\Schema\Grammars\Grammar.php:224
    220Γûò      * @throws \RuntimeException
    221Γûò      */
    222Γûò     public function compileFulltext(Blueprint $blueprint, Fluent $command)
    223Γûò     {
  Γ₧£ 224Γûò         throw new RuntimeException('This database driver does not support fulltext index creation.');
    225Γûò     }
    226Γûò 
    227Γûò     /**
    228Γûò      * Compile a drop fulltext index command.

  1   vendor\laravel\framework\src\Illuminate\Database\Schema\Grammars\Grammar.php:224
  2   vendor\laravel\framework\src\Illuminate\Database\Schema\Blueprint.php:153

  ΓöÇΓöÇΓöÇΓöÇΓöÇΓöÇΓöÇΓöÇΓöÇΓöÇΓöÇΓöÇΓöÇΓöÇΓöÇΓöÇΓöÇΓöÇΓöÇΓöÇΓöÇΓöÇΓöÇ  
   FAΓÇª  RuntimeException   
  This database driver does not support fulltext index creation.

  at vendor\laravel\framework\src\Illuminate\Database\Schema\Grammars\Grammar.php:224
    220Γûò      * @throws \RuntimeException
    221Γûò      */
    222Γûò     public function compileFulltext(Blueprint $blueprint, Fluent $command)
    223Γûò     {
  Γ₧£ 224Γûò         throw new RuntimeException('This database driver does not support fulltext index creation.');
    225Γûò     }
    226Γûò 
    227Γûò     /**
    228Γûò      * Compile a drop fulltext index command.

  1   vendor\laravel\framework\src\Illuminate\Database\Schema\Grammars\Grammar.php:224
  2   vendor\laravel\framework\src\Illuminate\Database\Schema\Blueprint.php:153

  ΓöÇΓöÇΓöÇΓöÇΓöÇΓöÇΓöÇΓöÇΓöÇΓöÇΓöÇΓöÇΓöÇΓöÇΓöÇΓöÇΓöÇΓöÇΓöÇΓöÇΓöÇΓöÇΓöÇ  
   FAΓÇª  RuntimeException   
  This database driver does not support fulltext index creation.

  at vendor\laravel\framework\src\Illuminate\Database\Schema\Grammars\Grammar.php:224
    220Γûò      * @throws \RuntimeException
    221Γûò      */
    222Γûò     public function compileFulltext(Blueprint $blueprint, Fluent $command)
    223Γûò     {
  Γ₧£ 224Γûò         throw new RuntimeException('This database driver does not support fulltext index creation.');
    225Γûò     }
    226Γûò 
    227Γûò     /**
    228Γûò      * Compile a drop fulltext index command.

  1   vendor\laravel\framework\src\Illuminate\Database\Schema\Grammars\Grammar.php:224
  2   vendor\laravel\framework\src\Illuminate\Database\Schema\Blueprint.php:153

  ΓöÇΓöÇΓöÇΓöÇΓöÇΓöÇΓöÇΓöÇΓöÇΓöÇΓöÇΓöÇΓöÇΓöÇΓöÇΓöÇΓöÇΓöÇΓöÇΓöÇΓöÇΓöÇΓöÇ  
   FAΓÇª  RuntimeException   
  This database driver does not support fulltext index creation.

  at vendor\laravel\framework\src\Illuminate\Database\Schema\Grammars\Grammar.php:224
    220Γûò      * @throws \RuntimeException
    221Γûò      */
    222Γûò     public function compileFulltext(Blueprint $blueprint, Fluent $command)
    223Γûò     {
  Γ₧£ 224Γûò         throw new RuntimeException('This database driver does not support fulltext index creation.');
    225Γûò     }
    226Γûò 
    227Γûò     /**
    228Γûò      * Compile a drop fulltext index command.

  1   vendor\laravel\framework\src\Illuminate\Database\Schema\Grammars\Grammar.php:224
  2   vendor\laravel\framework\src\Illuminate\Database\Schema\Blueprint.php:153

  ΓöÇΓöÇΓöÇΓöÇΓöÇΓöÇΓöÇΓöÇΓöÇΓöÇΓöÇΓöÇΓöÇΓöÇΓöÇΓöÇΓöÇΓöÇΓöÇΓöÇΓöÇΓöÇΓöÇ  
   FAΓÇª  RuntimeException   
  This database driver does not support fulltext index creation.

  at vendor\laravel\framework\src\Illuminate\Database\Schema\Grammars\Grammar.php:224
    220Γûò      * @throws \RuntimeException
    221Γûò      */
    222Γûò     public function compileFulltext(Blueprint $blueprint, Fluent $command)
    223Γûò     {
  Γ₧£ 224Γûò         throw new RuntimeException('This database driver does not support fulltext index creation.');
    225Γûò     }
    226Γûò 
    227Γûò     /**
    228Γûò      * Compile a drop fulltext index command.

  1   vendor\laravel\framework\src\Illuminate\Database\Schema\Grammars\Grammar.php:224
  2   vendor\laravel\framework\src\Illuminate\Database\Schema\Blueprint.php:153

  ΓöÇΓöÇΓöÇΓöÇΓöÇΓöÇΓöÇΓöÇΓöÇΓöÇΓöÇΓöÇΓöÇΓöÇΓöÇΓöÇΓöÇΓöÇΓöÇΓöÇΓöÇΓöÇΓöÇ  
   FAΓÇª  RuntimeException   
  This database driver does not support fulltext index creation.

  at vendor\laravel\framework\src\Illuminate\Database\Schema\Grammars\Grammar.php:224
    220Γûò      * @throws \RuntimeException
    221Γûò      */
    222Γûò     public function compileFulltext(Blueprint $blueprint, Fluent $command)
    223Γûò     {
  Γ₧£ 224Γûò         throw new RuntimeException('This database driver does not support fulltext index creation.');
    225Γûò     }
    226Γûò 
    227Γûò     /**
    228Γûò      * Compile a drop fulltext index command.

  1   vendor\laravel\framework\src\Illuminate\Database\Schema\Grammars\Grammar.php:224
  2   vendor\laravel\framework\src\Illuminate\Database\Schema\Blueprint.php:153

  ΓöÇΓöÇΓöÇΓöÇΓöÇΓöÇΓöÇΓöÇΓöÇΓöÇΓöÇΓöÇΓöÇΓöÇΓöÇΓöÇΓöÇΓöÇΓöÇΓöÇΓöÇΓöÇΓöÇ  
   FAΓÇª  RuntimeException   
  This database driver does not support fulltext index creation.

  at vendor\laravel\framework\src\Illuminate\Database\Schema\Grammars\Grammar.php:224
    220Γûò      * @throws \RuntimeException
    221Γûò      */
    222Γûò     public function compileFulltext(Blueprint $blueprint, Fluent $command)
    223Γûò     {
  Γ₧£ 224Γûò         throw new RuntimeException('This database driver does not support fulltext index creation.');
    225Γûò     }
    226Γûò 
    227Γûò     /**
    228Γûò      * Compile a drop fulltext index command.

  1   vendor\laravel\framework\src\Illuminate\Database\Schema\Grammars\Grammar.php:224
  2   vendor\laravel\framework\src\Illuminate\Database\Schema\Blueprint.php:153


  Tests:    10 failed (0 assertions)
  Duration: 0.90s

